ESP-ROM:esp32p4-eco2-20240710
Build:Jul 10 2024
rst:0x1 (POWERON),boot:0x30f (SPI_FAST_FLASH_BOOT)
SPI mode:DIO, clock div:1
load:0x4ff33ce0,len:0x15e0
load:0x4ff28ed0,len:0xe54
load:0x4ff2bbd0,len:0x35dc
entry 0x4ff28eda
I (25) boot: ESP-IDF v6.0.2 2nd stage bootloader
I (26) boot: compile time Aug 30 2026 13:31:24
I (26) boot: Multicore bootloader
I (27) boot: chip revision: v1.3
I (29) boot: efuse block revision: v0.3
I (32) boot.esp32p4: SPI Speed      : 80MHz
I (36) boot.esp32p4: SPI Mode       : DIO
I (40) boot.esp32p4: SPI Flash Size : 2MB
I (44) boot: Enabling RNG early entropy source...
I (48) boot: Partition Table:
I (51) boot: ## Label            Usage          Type ST Offset   Length
I (57) boot:  0 nvs              WiFi data        01 02 00009000 00006000
I (63) boot:  1 phy_init         RF data          01 01 0000f000 00001000
I (70) boot:  2 factory          factory app      00 00 00010000 00177000
I (78) boot: End of partition table
I (80) esp_image: segment 0: paddr=00010020 vaddr=40030020 size=0ac74h ( 44148) map
I (96) esp_image: segment 1: paddr=0001ac9c vaddr=30100000 size=00088h (   136) load
I (98) esp_image: segment 2: paddr=0001ad2c vaddr=4ff00000 size=052ech ( 21228) load
I (107) esp_image: segment 3: paddr=00020020 vaddr=40000020 size=25ae8h (154344) map
I (136) esp_image: segment 4: paddr=00045b10 vaddr=4ff052ec size=06bb0h ( 27568) load
I (143) esp_image: segment 5: paddr=0004c6c8 vaddr=4ff0bf00 size=02944h ( 10564) load
I (150) boot: Loaded app from partition at offset 0x10000
I (150) boot: Disabling RNG early entropy source...
I (163) hex_psram: vendor id    : 0x0d (AP)
I (163) hex_psram: Latency      : 0x01 (Fixed)
I (164) hex_psram: DriveStr.    : 0x00 (25 Ohm)
I (164) hex_psram: dev id       : 0x03 (generation 4)
I (169) hex_psram: density      : 0x07 (256 Mbit)
I (174) hex_psram: good-die     : 0x06 (Pass)
I (178) hex_psram: SRF          : 0x02 (Slow Refresh)
I (182) hex_psram: BurstType    : 0x00 ( Wrap)
I (187) hex_psram: BurstLen     : 0x03 (2048 Byte)
I (191) hex_psram: BitMode      : 0x01 (X16 Mode)
I (195) hex_psram: Readlatency  : 0x02 (10 cycles@Fixed)
I (201) hex_psram: DriveStrength: 0x00 (1/1)
I (205) esp_psram: Found 32MB PSRAM device
I (208) esp_psram: Speed: 20MHz
I (213) hex_psram: psram CS IO is dedicated
I (215) cpu_start: Multicore app
I (4007) esp_psram: SPI SRAM memory test OK
I (4016) cpu_start: GPIO 38 and 37 are used as console UART I/O pins
I (4017) cpu_start: Pro cpu start user code
I (4017) cpu_start: cpu freq: 360000000 Hz
I (4019) app_init: Application information:
I (4023) app_init: Project name:     apta_cooperative_scheduler
I (4028) app_init: App version:      v1.0.1-238-g046cb04
I (4033) app_init: Compile time:     Aug 30 2026 13:30:08
I (4038) app_init: ELF file SHA256:  a4e575976...
I (4043) app_init: ESP-IDF:          v6.0.2
I (4047) efuse_init: Min chip rev:     v1.0
I (4051) efuse_init: Max chip rev:     v1.99
I (4055) efuse_init: Chip rev:         v1.3
I (4059) heap_init: Initializing. RAM available for dynamic allocation:
I (4065) heap_init: At 4FF1B350 len 0001FC70 (127 KiB): RETENT_RAM
I (4071) heap_init: At 4FF3AFC0 len 00004BF0 (18 KiB): RAM
I (4076) heap_init: At 4FF40000 len 00060000 (384 KiB): RAM
I (4082) heap_init: At 50108080 len 00007F80 (31 KiB): RTCRAM
I (4087) heap_init: At 30100088 len 00001F78 (7 KiB): SPM
I (4092) esp_psram: Adding pool of 32768K of PSRAM memory to heap allocator
W (4099) spi_flash: Detected boya flash chip but using generic driver. For optimal functionality, enable `SPI_FLASH_SUPPORT_BOYA_CHIP` in menuconfig
I (4112) spi_flash: detected chip: generic
I (4115) spi_flash: flash io: dio
W (4119) spi_flash: Detected size(16384k) larger than the size in the binary image header(2048k). Using the size in the binary image header.
I (4131) sleep_gpio: Configure to isolate all GPIO pins in sleep state
I (4137) sleep_gpio: Enable automatic switching of GPIO sleep configuration
I (4144) main_task: Started on CPU0
I (4144) esp_psram: Reserving pool of 32K of internal memory for DMA/internal allocations
I (4154) main_task: Calling app_main()
W (4284) usb_phy: Using UTMI PHY instead of requested internal PHY
I (4294) usbd_uac: UAC Device Start, Version: 1.3.1
I (4294) apta-wp8: ready: real UAC PCM required, frames=86400000 workspace=940592 result_pool=536640
