esptool v5.3.1
Serial port COM6:
Connecting....
Connected to ESP32-P4 on COM6:
Chip type:          ESP32-P4 (revision v1.3)
Features:           Dual Core + LP Core, 400MHz
Crystal frequency:  40MHz
MAC:                30:ed:a0:e3:0b:c1

Uploading stub flasher...
Running stub flasher...
Stub flasher running.
Changing baud rate to 460800...
Changed.

Configuring flash size...

Writing 'build\bootloader\bootloader.bin' at 0x00002000...
SHA digest in image updated.
Flash will be erased from 0x00002000 to 0x00007fff...
Compressed 23152 bytes to 14186...

Writing at 0x00002000 [                              ]   0.0% 0/14186 bytes...

Writing at 0x00007a70 [==============================] 100.0% 14186/14186 bytes...
Wrote 23152 bytes (14186 compressed) at 0x00002000 in 0.7 seconds (266.2 kbit/s).
Verifying written data...
Hash of data verified.

Writing 'build\partition_table\partition-table.bin' at 0x00008000...
Flash will be erased from 0x00008000 to 0x00008fff...
Compressed 3072 bytes to 103...

Writing at 0x00008000 [                              ]   0.0% 0/103 bytes...

Writing at 0x00008c00 [==============================] 100.0% 103/103 bytes...
Wrote 3072 bytes (103 compressed) at 0x00008000 in 0.0 seconds (985.5 kbit/s).
Verifying written data...
Hash of data verified.

Writing 'build\nektar_p4.bin' at 0x00010000...
Flash will be erased from 0x00010000 to 0x00055fff...
Compressed 285536 bytes to 145376...

Writing at 0x00010000 [                              ]   0.0% 0/145376 bytes...

Writing at 0x0001c387 [==>                           ]  11.3% 16384/145376 bytes...

Writing at 0x00022f72 [=====>                        ]  22.5% 32768/145376 bytes...

Writing at 0x0002a4d8 [=========>                    ]  33.8% 49152/145376 bytes...

Writing at 0x00032072 [============>                 ]  45.1% 65536/145376 bytes...

Writing at 0x00039914 [===============>              ]  56.4% 81920/145376 bytes...

Writing at 0x0003fe75 [===================>          ]  67.6% 98304/145376 bytes...

Writing at 0x000471e0 [======================>       ]  78.9% 114688/145376 bytes...

Writing at 0x0004e0a8 [==========================>   ]  90.2% 131072/145376 bytes...

Writing at 0x00055b60 [==============================] 100.0% 145376/145376 bytes...
Wrote 285536 bytes (145376 compressed) at 0x00010000 in 4.1 seconds (562.8 kbit/s).
Verifying written data...
Hash of data verified.

Hard resetting via RTS pin...
