esptool v5.3.1
Serial port COM6:
Connecting.....
Connected to ESP32-P4 on COM6:
Chip type:          ESP32-P4 (revision v1.3)
Features:           Dual Core + LP Core, 400MHz
Crystal frequency:  40MHz
MAC:                30:ed:a0:e3:0b:c1

Uploading stub flasher...
Running stub flasher...
Stub flasher running.
Changing baud rate to 460800...
Changed.

Configuring flash size...

Writing 'build\bootloader\bootloader.bin' at 0x00002000...
SHA digest in image updated.
Flash will be erased from 0x00002000 to 0x00007fff...
Compressed 23152 bytes to 14186...

Writing at 0x00002000 [                              ]   0.0% 0/14186 bytes...

Writing at 0x00007a70 [==============================] 100.0% 14186/14186 bytes...
Wrote 23152 bytes (14186 compressed) at 0x00002000 in 0.7 seconds (263.7 kbit/s).
Verifying written data...
Hash of data verified.

Writing 'build\partition_table\partition-table.bin' at 0x00008000...
Flash will be erased from 0x00008000 to 0x00008fff...
Compressed 3072 bytes to 103...

Writing at 0x00008000 [                              ]   0.0% 0/103 bytes...

Writing at 0x00008c00 [==============================] 100.0% 103/103 bytes...
Wrote 3072 bytes (103 compressed) at 0x00008000 in 0.0 seconds (989.1 kbit/s).
Verifying written data...
Hash of data verified.

Writing 'build\nektar_p4.bin' at 0x00010000...
Flash will be erased from 0x00010000 to 0x00056fff...
Compressed 288256 bytes to 146786...

Writing at 0x00010000 [                              ]   0.0% 0/146786 bytes...

Writing at 0x0001c34b [==>                           ]  11.2% 16384/146786 bytes...

Writing at 0x00022fed [=====>                        ]  22.3% 32768/146786 bytes...

Writing at 0x0002a55e [=========>                    ]  33.5% 49152/146786 bytes...

Writing at 0x00031e2e [============>                 ]  44.6% 65536/146786 bytes...

Writing at 0x00039a8e [===============>              ]  55.8% 81920/146786 bytes...

Writing at 0x0003feac [===================>          ]  67.0% 98304/146786 bytes...

Writing at 0x000473df [======================>       ]  78.1% 114688/146786 bytes...

Writing at 0x0004e241 [=========================>    ]  89.3% 131072/146786 bytes...

Writing at 0x00056600 [==============================] 100.0% 146786/146786 bytes...
Wrote 288256 bytes (146786 compressed) at 0x00010000 in 4.1 seconds (556.7 kbit/s).
Verifying written data...
Hash of data verified.

Hard resetting via RTS pin...
